#0 building with "desktop-linux" instance using docker driver

#1 [internal] load build definition from Dockerfile.fix
#1 transferring dockerfile: 2.16kB done
#1 WARN: RedundantTargetPlatform: Setting platform to predefined ${TARGETPLATFORM:-linux/amd64} in FROM is redundant as this is the default behavior (line 23)
#1 DONE 0.0s

#2 [internal] load metadata for gcr.io/oss-fuzz-base/base-builder@sha256:2d248061923e2107d2e56a8a90ddfe423b1a99cb020ffa745f04c4c5e6d1a674
#2 DONE 0.0s

#3 [internal] load .dockerignore
#3 transferring context: 2B done
#3 DONE 0.0s

#4 [1/6] FROM gcr.io/oss-fuzz-base/base-builder@sha256:2d248061923e2107d2e56a8a90ddfe423b1a99cb020ffa745f04c4c5e6d1a674
#4 resolve gcr.io/oss-fuzz-base/base-builder@sha256:2d248061923e2107d2e56a8a90ddfe423b1a99cb020ffa745f04c4c5e6d1a674 done
#4 DONE 0.0s

#5 [internal] load build context
#5 transferring context: 35B done
#5 DONE 0.0s

#6 [2/6] RUN if [[ -n "make autoconf automake libtool shtool curl" ]]; then         apt-get update && apt-get install -y make autoconf automake libtool shtool curl && rm -rf /var/lib/apt/lists/*;     fi
#6 CACHED

#7 [3/6] RUN set -o pipefail  && mkdir -p /src  && curl -fsSL "https://huggingface.co/datasets/sunblaze-ucb/cybergym/resolve/main/data/arvo/1065/repo-vul.tar.gz" | tar -xz --strip-components=1 -C /src  && curl -fsSL "https://huggingface.co/datasets/sunblaze-ucb/cybergym/resolve/main/data/arvo/1065/patch.diff" -o /tmp/patch.diff  && git apply --directory="file" /tmp/patch.diff
#7 CACHED

#8 [4/6] WORKDIR /src/file
#8 CACHED

#9 [5/6] COPY build-step.sh /usr/local/bin/build-step.sh
#9 DONE 0.0s

#10 [6/6] RUN bash /usr/local/bin/build-step.sh
#10 23.61 ar: creating /usr/lib/libFuzzingEngine.a
#10 23.79 + autoreconf -i
#10 27.77 libtoolize: putting auxiliary files in '.'.
#10 27.77 libtoolize: copying file './ltmain.sh'
#10 27.94 libtoolize: putting macros in AC_CONFIG_MACRO_DIRS, 'm4'.
#10 27.94 libtoolize: copying file 'm4/libtool.m4'
#10 28.10 libtoolize: copying file 'm4/ltoptions.m4'
#10 28.27 libtoolize: copying file 'm4/ltsugar.m4'
#10 28.44 libtoolize: copying file 'm4/ltversion.m4'
#10 28.60 libtoolize: copying file 'm4/lt~obsolete.m4'
#10 32.39 configure.ac:76: installing './compile'
#10 32.40 configure.ac:57: installing './config.guess'
#10 32.41 configure.ac:57: installing './config.sub'
#10 32.42 configure.ac:3: installing './install-sh'
#10 32.43 configure.ac:3: installing './missing'
#10 32.50 src/Makefile.am: installing './depcomp'
#10 32.54 + ./configure --enable-static
#10 33.17 checking for a BSD-compatible install... /usr/bin/install -c
#10 33.23 checking whether build environment is sane... yes
#10 33.30 checking for a thread-safe mkdir -p... /bin/mkdir -p
#10 33.31 checking for gawk... no
#10 33.31 checking for mawk... mawk
#10 33.31 checking whether make sets $(MAKE)... yes
#10 33.38 checking whether make supports nested variables... yes
#10 33.45 checking whether make supports nested variables... (cached) yes
#10 33.45 checking for builtin ELF support... yes
#10 33.45 checking for ELF core file support... yes
#10 33.45 checking for zlib support... 
#10 33.45 checking for file formats in man section 5... no
#10 33.51 checking build system type... x86_64-pc-linux-gnu
#10 33.78 checking host system type... x86_64-pc-linux-gnu
#10 33.79 checking for style of include used by make... GNU
#10 33.82 checking for gcc... clang
#10 34.05 checking whether the C compiler works... yes
#10 34.45 checking for C compiler default output file name... a.out
#10 34.45 checking for suffix of executables... 
#10 34.87 checking whether we are cross compiling... no
#10 35.38 checking for suffix of object files... o
#10 35.68 checking whether we are using the GNU C compiler... yes
#10 35.97 checking whether clang accepts -g... yes
#10 36.17 checking for clang option to accept ISO C89... none needed
#10 36.64 checking whether clang understands -c and -o together... yes
#10 36.98 checking dependency style of clang... gcc3
#10 37.27 checking for clang option to accept ISO C99... none needed
#10 37.84 checking for clang option to accept ISO Standard C... (cached) none needed
#10 37.84 checking how to run the C preprocessor... clang -E
#10 38.35 checking for grep that handles long lines and -e... /bin/grep
#10 38.36 checking for egrep... /bin/grep -E
#10 38.38 checking for ANSI C header files... yes
#10 39.58 checking for sys/types.h... yes
#10 39.90 checking for sys/stat.h... yes
#10 40.22 checking for stdlib.h... yes
#10 40.54 checking for string.h... yes
#10 40.87 checking for memory.h... yes
#10 41.20 checking for strings.h... yes
#10 41.53 checking for inttypes.h... yes
#10 41.86 checking for stdint.h... yes
#10 42.19 checking for unistd.h... yes
#10 42.49 checking minix/config.h usability... no
#10 42.73 checking minix/config.h presence... no
#10 42.88 checking for minix/config.h... no
#10 42.88 checking whether it is safe to define __EXTENSIONS__... yes
#10 43.23 checking whether byte ordering is bigendian... no
#10 43.95 checking whether ln -s works... yes
#10 43.95 checking how to print strings... printf
#10 44.06 checking for a sed that does not truncate output... /bin/sed
#10 44.09 checking for fgrep... /bin/grep -F
#10 44.10 checking for ld used by clang... /usr/bin/ld
#10 44.16 checking if the linker (/usr/bin/ld) is GNU ld... yes
#10 44.17 checking for BSD- or MS-compatible name lister (nm)... /usr/bin/nm -B
#10 44.18 checking the name lister (/usr/bin/nm -B) interface... BSD nm
#10 44.45 checking the maximum length of command line arguments... 1572864
#10 44.48 checking how to convert x86_64-pc-linux-gnu file names to x86_64-pc-linux-gnu format... func_convert_file_noop
#10 44.48 checking how to convert x86_64-pc-linux-gnu file names to toolchain format... func_convert_file_noop
#10 44.48 checking for /usr/bin/ld option to reload object files... -r
#10 44.48 checking for objdump... objdump
#10 44.48 checking how to recognize dependent libraries... pass_all
#10 44.48 checking for dlltool... no
#10 44.48 checking how to associate runtime and link libraries... printf %s\n
#10 44.48 checking for ar... ar
#10 44.48 checking for archiver @FILE support... @
#10 44.82 checking for strip... strip
#10 44.82 checking for ranlib... ranlib
#10 44.82 checking command to parse /usr/bin/nm -B output from clang object... ok
#10 45.63 checking for sysroot... no
#10 45.63 checking for a working dd... /bin/dd
#10 45.67 checking how to truncate binary pipes... /bin/dd bs=4096 count=1
#10 45.92 checking for mt... no
#10 45.92 checking if : is a manifest tool... no
#10 45.95 checking for dlfcn.h... yes
#10 46.25 checking for objdir... .libs
#10 46.92 checking if clang supports -fno-rtti -fno-exceptions... yes
#10 47.18 checking for clang option to produce PIC... -fPIC -DPIC
#10 47.18 checking if clang PIC flag -fPIC -DPIC works... yes
#10 47.44 checking if clang static flag -static works... yes
#10 47.82 checking if clang supports -c -o file.o... yes
#10 48.14 checking if clang supports -c -o file.o... (cached) yes
#10 48.14 checking whether the clang linker (/usr/bin/ld -m elf_x86_64) supports shared libraries... yes
#10 48.23 checking whether -lc should be explicitly linked in... no
#10 48.54 checking dynamic linker characteristics... GNU/Linux ld.so
#10 49.10 checking how to hardcode library paths into programs... immediate
#10 49.10 checking whether stripping libraries is possible... yes
#10 49.11 checking if libtool supports shared libraries... yes
#10 49.11 checking whether to build shared libraries... yes
#10 49.11 checking whether to build static libraries... yes
#10 49.12 ./configure: line 13007: gl_VISIBILITY: command not found
#10 49.12 checking for ANSI C header files... (cached) yes
#10 49.12 checking whether sys/types.h defines makedev... yes
#10 49.59 checking for sys/wait.h that is POSIX.1 compatible... yes
#10 49.98 checking for stdint.h... (cached) yes
#10 50.02 checking fcntl.h usability... yes
#10 50.31 checking fcntl.h presence... yes
#10 50.42 checking for fcntl.h... yes
#10 50.46 checking locale.h usability... yes
#10 50.75 checking locale.h presence... yes
#10 50.86 checking for locale.h... yes
#10 50.90 checking for stdint.h... (cached) yes
#10 50.94 checking for inttypes.h... (cached) yes
#10 50.97 checking for unistd.h... (cached) yes
#10 51.01 checking stddef.h usability... yes
#10 51.30 checking stddef.h presence... yes
#10 51.41 checking for stddef.h... yes
#10 51.45 checking utime.h usability... yes
#10 51.74 checking utime.h presence... yes
#10 51.85 checking for utime.h... yes
#10 51.89 checking wchar.h usability... yes
#10 52.18 checking wchar.h presence... yes
#10 52.29 checking for wchar.h... yes
#10 52.32 checking wctype.h usability... yes
#10 52.62 checking wctype.h presence... yes
#10 52.73 checking for wctype.h... yes
#10 52.76 checking limits.h usability... yes
#10 53.06 checking limits.h presence... yes
#10 53.17 checking for limits.h... yes
#10 53.21 checking getopt.h usability... yes
#10 53.50 checking getopt.h presence... yes
#10 53.61 checking for getopt.h... yes
#10 53.65 checking err.h usability... yes
#10 53.94 checking err.h presence... yes
#10 54.05 checking for err.h... yes
#10 54.09 checking xlocale.h usability... yes
#10 54.38 checking xlocale.h presence... yes
#10 54.48 checking for xlocale.h... yes
#10 54.52 checking signal.h usability... yes
#10 54.81 checking signal.h presence... yes
#10 54.93 checking for signal.h... yes
#10 54.97 checking sys/mman.h usability... yes
#10 55.26 checking sys/mman.h presence... yes
#10 55.37 checking for sys/mman.h... yes
#10 55.41 checking for sys/stat.h... (cached) yes
#10 55.45 checking for sys/types.h... (cached) yes
#10 55.48 checking sys/utime.h usability... no
#10 55.71 checking sys/utime.h presence... no
#10 55.86 checking for sys/utime.h... no
#10 55.87 checking sys/time.h usability... yes
#10 56.17 checking sys/time.h presence... yes
#10 56.28 checking for sys/time.h... yes
#10 56.30 checking zlib.h usability... no
#10 56.53 checking zlib.h presence... no
#10 56.68 checking for zlib.h... no
#10 56.68 checking for sig_t... yes
#10 57.22 checking for an ANSI C-conforming const... yes
#10 57.56 checking for off_t... yes
#10 58.13 checking for size_t... yes
#10 58.71 checking for struct stat.st_rdev... yes
#10 59.08 checking for struct tm.tm_gmtoff... no
#10 59.54 checking whether struct tm is in sys/time.h or time.h... time.h
#10 59.90 checking for struct tm.tm_zone... yes
#10 60.26 checking for tm_zone in struct tm... yes
#10 60.65 checking whether tzname is declared... yes
#10 60.98 checking for tzname... yes
#10 61.46 checking for tm_isdst in struct tm... yes
#10 61.89 checking whether daylight is declared... yes
#10 62.22 checking for daylight... yes
#10 62.69 checking for special C compiler options needed for large files... no
#10 62.69 checking for _FILE_OFFSET_BITS value needed for large files... no
#10 63.02 checking for _LARGEFILE_SOURCE value needed for large files... no
#10 63.53 checking for mbstate_t... yes
#10 63.88 checking for struct option in getopt... yes
#10 64.24 checking for pid_t... yes
#10 64.82 checking for uint8_t... yes
#10 65.17 checking for uint16_t... yes
#10 65.52 checking for uint32_t... yes
#10 65.88 checking for int32_t... yes
#10 66.46 checking for uint64_t... yes
#10 66.81 checking for int64_t... yes
#10 67.40 checking for intptr_t... yes
#10 67.99 checking for uintptr_t... yes
#10 68.58 checking for stdlib.h... (cached) yes
#10 68.62 checking for unistd.h... (cached) yes
#10 68.65 checking for sys/param.h... yes
#10 68.98 checking for getpagesize... yes
#10 69.43 checking for working mmap... yes
#10 70.15 checking vfork.h usability... no
#10 70.38 checking vfork.h presence... no
#10 70.53 checking for vfork.h... no
#10 70.55 checking for fork... yes
#10 71.04 checking for vfork... yes
#10 71.54 checking for working fork... yes
#10 72.05 checking for working vfork... (cached) yes
#10 72.05 checking whether mbrtowc and mbstate_t are properly declared... yes
#10 72.55 checking for gcc compiler warnings... yes
#10 72.56 checking for strerror... yes
#10 73.07 checking for strndup... yes
#10 73.58 checking for strtoul... yes
#10 74.06 checking for mkstemp... yes
#10 74.54 checking for mkostemp... yes
#10 75.01 checking for utimes... yes
#10 75.49 checking for utime... yes
#10 75.98 checking for wcwidth... yes
#10 76.46 checking for strtof... yes
#10 76.94 checking for newlocale... yes
#10 77.42 checking for uselocale... yes
#10 77.89 checking for freelocale... yes
#10 78.37 checking for setlocale... yes
#10 78.84 checking for getopt_long... yes
#10 79.29 checking for asprintf... yes
#10 79.76 checking for vasprintf... yes
#10 80.29 checking for strlcpy... no
#10 80.79 checking for strlcat... no
#10 81.28 checking for getline... yes
#10 81.74 checking for ctime_r... yes
#10 82.19 checking for asctime_r... yes
#10 82.63 checking for localtime_r... yes
#10 83.07 checking for gmtime_r... yes
#10 83.52 checking for pread... yes
#10 83.97 checking for strcasestr... yes
#10 84.41 checking for fmtcheck... no
#10 84.90 checking for dprintf... yes
#10 85.34 checking for gzopen in -lz... no
#10 85.87 checking that generated files are newer than configure... done
#10 85.87 configure: creating ./config.status
#10 88.39 config.status: creating Makefile
#10 88.47 config.status: creating src/Makefile
#10 88.56 config.status: creating magic/Makefile
#10 88.66 config.status: creating tests/Makefile
#10 88.76 config.status: creating doc/Makefile
#10 88.87 config.status: creating python/Makefile
#10 88.97 config.status: creating config.h
#10 89.03 config.status: executing depfiles commands
#10 89.85 config.status: executing libtool commands
#10 90.01 + make V=1 all
#10 90.06 make  all-recursive
#10 90.09 make[1]: Entering directory '/src/file'
#10 90.12 Making all in src
#10 90.14 make[2]: Entering directory '/src/file/src'
#10 90.14 sed -e "s/X.YY/$(echo 5.30 | tr -d .)/" < ../src/magic.h.in > magic.h
#10 90.18 make  all-am
#10 90.22 make[3]: Entering directory '/src/file/src'
#10 90.22 depbase=`echo magic.lo | sed 's|[^/]*$|.deps/&|;s|\.lo$||'`;\
#10 90.22 /bin/bash ../libtool  --tag=CC   --mode=compile clang -DHAVE_CONFIG_H -I. -I..  -DMAGIC='"/usr/local/share/misc/magic"'   -Wall -Wstrict-prototypes -Wmissing-prototypes -Wpointer-arith        -Wmissing-declarations -Wredundant-decls -Wnested-externs        -Wsign-compare -Wreturn-type -Wswitch -Wshadow        -Wcast-qual -Wwrite-strings -Wextra -Wunused-parameter -Wformat=2 -O1 -fno-omit-frame-pointer -gline-tables-only -DFUZZING_BUILD_MODE_UNSAFE_FOR_PRODUCTION -fsanitize=memory -fsanitize-memory-track-origins -fsanitize-coverage=trace-pc-guard,trace-cmp -MT magic.lo -MD -MP -MF $depbase.Tpo -c -o magic.lo magic.c &&\
#10 90.22 mv -f $depbase.Tpo $depbase.Plo
#10 90.55 libtool: compile:  clang -DHAVE_CONFIG_H -I. -I.. -DMAGIC=\"/usr/local/share/misc/magic\" -Wall -Wstrict-prototypes -Wmissing-prototypes -Wpointer-arith -Wmissing-declarations -Wredundant-decls -Wnested-externs -Wsign-compare -Wreturn-type -Wswitch -Wshadow -Wcast-qual -Wwrite-strings -Wextra -Wunused-parameter -Wformat=2 -O1 -fno-omit-frame-pointer -gline-tables-only -DFUZZING_BUILD_MODE_UNSAFE_FOR_PRODUCTION -fsanitize=memory -fsanitize-memory-track-origins -fsanitize-coverage=trace-pc-guard,trace-cmp -MT magic.lo -MD -MP -MF .deps/magic.Tpo -c magic.c  -fPIC -DPIC -o .libs/magic.o
#10 91.15 libtool: compile:  clang -DHAVE_CONFIG_H -I. -I.. -DMAGIC=\"/usr/local/share/misc/magic\" -Wall -Wstrict-prototypes -Wmissing-prototypes -Wpointer-arith -Wmissing-declarations -Wredundant-decls -Wnested-externs -Wsign-compare -Wreturn-type -Wswitch -Wshadow -Wcast-qual -Wwrite-strings -Wextra -Wunused-parameter -Wformat=2 -O1 -fno-omit-frame-pointer -gline-tables-only -DFUZZING_BUILD_MODE_UNSAFE_FOR_PRODUCTION -fsanitize=memory -fsanitize-memory-track-origins -fsanitize-coverage=trace-pc-guard,trace-cmp -MT magic.lo -MD -MP -MF .deps/magic.Tpo -c magic.c  -fPIC -DPIC -o magic.o >/dev/null 2>&1
#10 91.76 depbase=`echo apprentice.lo | sed 's|[^/]*$|.deps/&|;s|\.lo$||'`;\
#10 91.76 /bin/bash ../libtool  --tag=CC   --mode=compile clang -DHAVE_CONFIG_H -I. -I..  -DMAGIC='"/usr/local/share/misc/magic"'   -Wall -Wstrict-prototypes -Wmissing-prototypes -Wpointer-arith        -Wmissing-declarations -Wredundant-decls -Wnested-externs        -Wsign-compare -Wreturn-type -Wswitch -Wshadow        -Wcast-qual -Wwrite-strings -Wextra -Wunused-parameter -Wformat=2 -O1 -fno-omit-frame-pointer -gline-tables-only -DFUZZING_BUILD_MODE_UNSAFE_FOR_PRODUCTION -fsanitize=memory -fsanitize-memory-track-origins -fsanitize-coverage=trace-pc-guard,trace-cmp -MT apprentice.lo -MD -MP -MF $depbase.Tpo -c -o apprentice.lo apprentice.c &&\
#10 91.76 mv -f $depbase.Tpo $depbase.Plo
#10 92.09 libtool: compile:  clang -DHAVE_CONFIG_H -I. -I.. -DMAGIC=\"/usr/local/share/misc/magic\" -Wall -Wstrict-prototypes -Wmissing-prototypes -Wpointer-arith -Wmissing-declarations -Wredundant-decls -Wnested-externs -Wsign-compare -Wreturn-type -Wswitch -Wshadow -Wcast-qual -Wwrite-strings -Wextra -Wunused-parameter -Wformat=2 -O1 -fno-omit-frame-pointer -gline-tables-only -DFUZZING_BUILD_MODE_UNSAFE_FOR_PRODUCTION -fsanitize=memory -fsanitize-memory-track-origins -fsanitize-coverage=trace-pc-guard,trace-cmp -MT apprentice.lo -MD -MP -MF .deps/apprentice.Tpo -c apprentice.c  -fPIC -DPIC -o .libs/apprentice.o
#10 93.25 libtool: compile:  clang -DHAVE_CONFIG_H -I. -I.. -DMAGIC=\"/usr/local/share/misc/magic\" -Wall -Wstrict-prototypes -Wmissing-prototypes -Wpointer-arith -Wmissing-declarations -Wredundant-decls -Wnested-externs -Wsign-compare -Wreturn-type -Wswitch -Wshadow -Wcast-qual -Wwrite-strings -Wextra -Wunused-parameter -Wformat=2 -O1 -fno-omit-frame-pointer -gline-tables-only -DFUZZING_BUILD_MODE_UNSAFE_FOR_PRODUCTION -fsanitize=memory -fsanitize-memory-track-origins -fsanitize-coverage=trace-pc-guard,trace-cmp -MT apprentice.lo -MD -MP -MF .deps/apprentice.Tpo -c apprentice.c  -fPIC -DPIC -o apprentice.o >/dev/null 2>&1
#10 94.50 depbase=`echo softmagic.lo | sed 's|[^/]*$|.deps/&|;s|\.lo$||'`;\
#10 94.50 /bin/bash ../libtool  --tag=CC   --mode=compile clang -DHAVE_CONFIG_H -I. -I..  -DMAGIC='"/usr/local/share/misc/magic"'   -Wall -Wstrict-prototypes -Wmissing-prototypes -Wpointer-arith        -Wmissing-declarations -Wredundant-decls -Wnested-externs        -Wsign-compare -Wreturn-type -Wswitch -Wshadow        -Wcast-qual -Wwrite-strings -Wextra -Wunused-parameter -Wformat=2 -O1 -fno-omit-frame-pointer -gline-tables-only -DFUZZING_BUILD_MODE_UNSAFE_FOR_PRODUCTION -fsanitize=memory -fsanitize-memory-track-origins -fsanitize-coverage=trace-pc-guard,trace-cmp -MT softmagic.lo -MD -MP -MF $depbase.Tpo -c -o softmagic.lo softmagic.c &&\
#10 94.50 mv -f $depbase.Tpo $depbase.Plo
#10 94.85 libtool: compile:  clang -DHAVE_CONFIG_H -I. -I.. -DMAGIC=\"/usr/local/share/misc/magic\" -Wall -Wstrict-prototypes -Wmissing-prototypes -Wpointer-arith -Wmissing-declarations -Wredundant-decls -Wnested-externs -Wsign-compare -Wreturn-type -Wswitch -Wshadow -Wcast-qual -Wwrite-strings -Wextra -Wunused-parameter -Wformat=2 -O1 -fno-omit-frame-pointer -gline-tables-only -DFUZZING_BUILD_MODE_UNSAFE_FOR_PRODUCTION -fsanitize=memory -fsanitize-memory-track-origins -fsanitize-coverage=trace-pc-guard,trace-cmp -MT softmagic.lo -MD -MP -MF .deps/softmagic.Tpo -c softmagic.c  -fPIC -DPIC -o .libs/softmagic.o
#10 95.97 libtool: compile:  clang -DHAVE_CONFIG_H -I. -I.. -DMAGIC=\"/usr/local/share/misc/magic\" -Wall -Wstrict-prototypes -Wmissing-prototypes -Wpointer-arith -Wmissing-declarations -Wredundant-decls -Wnested-externs -Wsign-compare -Wreturn-type -Wswitch -Wshadow -Wcast-qual -Wwrite-strings -Wextra -Wunused-parameter -Wformat=2 -O1 -fno-omit-frame-pointer -gline-tables-only -DFUZZING_BUILD_MODE_UNSAFE_FOR_PRODUCTION -fsanitize=memory -fsanitize-memory-track-origins -fsanitize-coverage=trace-pc-guard,trace-cmp -MT softmagic.lo -MD -MP -MF .deps/softmagic.Tpo -c softmagic.c  -fPIC -DPIC -o softmagic.o >/dev/null 2>&1
#10 97.10 depbase=`echo ascmagic.lo | sed 's|[^/]*$|.deps/&|;s|\.lo$||'`;\
#10 97.10 /bin/bash ../libtool  --tag=CC   --mode=compile clang -DHAVE_CONFIG_H -I. -I..  -DMAGIC='"/usr/local/share/misc/magic"'   -Wall -Wstrict-prototypes -Wmissing-prototypes -Wpointer-arith        -Wmissing-declarations -Wredundant-decls -Wnested-externs        -Wsign-compare -Wreturn-type -Wswitch -Wshadow        -Wcast-qual -Wwrite-strings -Wextra -Wunused-parameter -Wformat=2 -O1 -fno-omit-frame-pointer -gline-tables-only -DFUZZING_BUILD_MODE_UNSAFE_FOR_PRODUCTION -fsanitize=memory -fsanitize-memory-track-origins -fsanitize-coverage=trace-pc-guard,trace-cmp -MT ascmagic.lo -MD -MP -MF $depbase.Tpo -c -o ascmagic.lo ascmagic.c &&\
#10 97.10 mv -f $depbase.Tpo $depbase.Plo
#10 97.47 libtool: compile:  clang -DHAVE_CONFIG_H -I. -I.. -DMAGIC=\"/usr/local/share/misc/magic\" -Wall -Wstrict-prototypes -Wmissing-prototypes -Wpointer-arith -Wmissing-declarations -Wredundant-decls -Wnested-externs -Wsign-compare -Wreturn-type -Wswitch -Wshadow -Wcast-qual -Wwrite-strings -Wextra -Wunused-parameter -Wformat=2 -O1 -fno-omit-frame-pointer -gline-tables-only -DFUZZING_BUILD_MODE_UNSAFE_FOR_PRODUCTION -fsanitize=memory -fsanitize-memory-track-origins -fsanitize-coverage=trace-pc-guard,trace-cmp -MT ascmagic.lo -MD -MP -MF .deps/ascmagic.Tpo -c ascmagic.c  -fPIC -DPIC -o .libs/ascmagic.o
#10 98.12 libtool: compile:  clang -DHAVE_CONFIG_H -I. -I.. -DMAGIC=\"/usr/local/share/misc/magic\" -Wall -Wstrict-prototypes -Wmissing-prototypes -Wpointer-arith -Wmissing-declarations -Wredundant-decls -Wnested-externs -Wsign-compare -Wreturn-type -Wswitch -Wshadow -Wcast-qual -Wwrite-strings -Wextra -Wunused-parameter -Wformat=2 -O1 -fno-omit-frame-pointer -gline-tables-only -DFUZZING_BUILD_MODE_UNSAFE_FOR_PRODUCTION -fsanitize=memory -fsanitize-memory-track-origins -fsanitize-coverage=trace-pc-guard,trace-cmp -MT ascmagic.lo -MD -MP -MF .deps/ascmagic.Tpo -c ascmagic.c  -fPIC -DPIC -o ascmagic.o >/dev/null 2>&1
#10 98.78 depbase=`echo encoding.lo | sed 's|[^/]*$|.deps/&|;s|\.lo$||'`;\
#10 98.78 /bin/bash ../libtool  --tag=CC   --mode=compile clang -DHAVE_CONFIG_H -I. -I..  -DMAGIC='"/usr/local/share/misc/magic"'   -Wall -Wstrict-prototypes -Wmissing-prototypes -Wpointer-arith        -Wmissing-declarations -Wredundant-decls -Wnested-externs        -Wsign-compare -Wreturn-type -Wswitch -Wshadow        -Wcast-qual -Wwrite-strings -Wextra -Wunused-parameter -Wformat=2 -O1 -fno-omit-frame-pointer -gline-tables-only -DFUZZING_BUILD_MODE_UNSAFE_FOR_PRODUCTION -fsanitize=memory -fsanitize-memory-track-origins -fsanitize-coverage=trace-pc-guard,trace-cmp -MT encoding.lo -MD -MP -MF $depbase.Tpo -c -o encoding.lo encoding.c &&\
#10 98.78 mv -f $depbase.Tpo $depbase.Plo
#10 99.14 libtool: compile:  clang -DHAVE_CONFIG_H -I. -I.. -DMAGIC=\"/usr/local/share/misc/magic\" -Wall -Wstrict-prototypes -Wmissing-prototypes -Wpointer-arith -Wmissing-declarations -Wredundant-decls -Wnested-externs -Wsign-compare -Wreturn-type -Wswitch -Wshadow -Wcast-qual -Wwrite-strings -Wextra -Wunused-parameter -Wformat=2 -O1 -fno-omit-frame-pointer -gline-tables-only -DFUZZING_BUILD_MODE_UNSAFE_FOR_PRODUCTION -fsanitize=memory -fsanitize-memory-track-origins -fsanitize-coverage=trace-pc-guard,trace-cmp -MT encoding.lo -MD -MP -MF .deps/encoding.Tpo -c encoding.c  -fPIC -DPIC -o .libs/encoding.o
#10 99.78 libtool: compile:  clang -DHAVE_CONFIG_H -I. -I.. -DMAGIC=\"/usr/local/share/misc/magic\" -Wall -Wstrict-prototypes -Wmissing-prototypes -Wpointer-arith -Wmissing-declarations -Wredundant-decls -Wnested-externs -Wsign-compare -Wreturn-type -Wswitch -Wshadow -Wcast-qual -Wwrite-strings -Wextra -Wunused-parameter -Wformat=2 -O1 -fno-omit-frame-pointer -gline-tables-only -DFUZZING_BUILD_MODE_UNSAFE_FOR_PRODUCTION -fsanitize=memory -fsanitize-memory-track-origins -fsanitize-coverage=trace-pc-guard,trace-cmp -MT encoding.lo -MD -MP -MF .deps/encoding.Tpo -c encoding.c  -fPIC -DPIC -o encoding.o >/dev/null 2>&1
#10 100.4 depbase=`echo compress.lo | sed 's|[^/]*$|.deps/&|;s|\.lo$||'`;\
#10 100.4 /bin/bash ../libtool  --tag=CC   --mode=compile clang -DHAVE_CONFIG_H -I. -I..  -DMAGIC='"/usr/local/share/misc/magic"'   -Wall -Wstrict-prototypes -Wmissing-prototypes -Wpointer-arith        -Wmissing-declarations -Wredundant-decls -Wnested-externs        -Wsign-compare -Wreturn-type -Wswitch -Wshadow        -Wcast-qual -Wwrite-strings -Wextra -Wunused-parameter -Wformat=2 -O1 -fno-omit-frame-pointer -gline-tables-only -DFUZZING_BUILD_MODE_UNSAFE_FOR_PRODUCTION -fsanitize=memory -fsanitize-memory-track-origins -fsanitize-coverage=trace-pc-guard,trace-cmp -MT compress.lo -MD -MP -MF $depbase.Tpo -c -o compress.lo compress.c &&\
#10 100.4 mv -f $depbase.Tpo $depbase.Plo
#10 100.8 libtool: compile:  clang -DHAVE_CONFIG_H -I. -I.. -DMAGIC=\"/usr/local/share/misc/magic\" -Wall -Wstrict-prototypes -Wmissing-prototypes -Wpointer-arith -Wmissing-declarations -Wredundant-decls -Wnested-externs -Wsign-compare -Wreturn-type -Wswitch -Wshadow -Wcast-qual -Wwrite-strings -Wextra -Wunused-parameter -Wformat=2 -O1 -fno-omit-frame-pointer -gline-tables-only -DFUZZING_BUILD_MODE_UNSAFE_FOR_PRODUCTION -fsanitize=memory -fsanitize-memory-track-origins -fsanitize-coverage=trace-pc-guard,trace-cmp -MT compress.lo -MD -MP -MF .deps/compress.Tpo -c compress.c  -fPIC -DPIC -o .libs/compress.o
#10 101.5 libtool: compile:  clang -DHAVE_CONFIG_H -I. -I.. -DMAGIC=\"/usr/local/share/misc/magic\" -Wall -Wstrict-prototypes -Wmissing-prototypes -Wpointer-arith -Wmissing-declarations -Wredundant-decls -Wnested-externs -Wsign-compare -Wreturn-type -Wswitch -Wshadow -Wcast-qual -Wwrite-strings -Wextra -Wunused-parameter -Wformat=2 -O1 -fno-omit-frame-pointer -gline-tables-only -DFUZZING_BUILD_MODE_UNSAFE_FOR_PRODUCTION -fsanitize=memory -fsanitize-memory-track-origins -fsanitize-coverage=trace-pc-guard,trace-cmp -MT compress.lo -MD -MP -MF .deps/compress.Tpo -c compress.c  -fPIC -DPIC -o compress.o >/dev/null 2>&1
#10 102.2 depbase=`echo is_tar.lo | sed 's|[^/]*$|.deps/&|;s|\.lo$||'`;\
#10 102.2 /bin/bash ../libtool  --tag=CC   --mode=compile clang -DHAVE_CONFIG_H -I. -I..  -DMAGIC='"/usr/local/share/misc/magic"'   -Wall -Wstrict-prototypes -Wmissing-prototypes -Wpointer-arith        -Wmissing-declarations -Wredundant-decls -Wnested-externs        -Wsign-compare -Wreturn-type -Wswitch -Wshadow        -Wcast-qual -Wwrite-strings -Wextra -Wunused-parameter -Wformat=2 -O1 -fno-omit-frame-pointer -gline-tables-only -DFUZZING_BUILD_MODE_UNSAFE_FOR_PRODUCTION -fsanitize=memory -fsanitize-memory-track-origins -fsanitize-coverage=trace-pc-guard,trace-cmp -MT is_tar.lo -MD -MP -MF $depbase.Tpo -c -o is_tar.lo is_tar.c &&\
#10 102.2 mv -f $depbase.Tpo $depbase.Plo
#10 102.6 libtool: compile:  clang -DHAVE_CONFIG_H -I. -I.. -DMAGIC=\"/usr/local/share/misc/magic\" -Wall -Wstrict-prototypes -Wmissing-prototypes -Wpointer-arith -Wmissing-declarations -Wredundant-decls -Wnested-externs -Wsign-compare -Wreturn-type -Wswitch -Wshadow -Wcast-qual -Wwrite-strings -Wextra -Wunused-parameter -Wformat=2 -O1 -fno-omit-frame-pointer -gline-tables-only -DFUZZING_BUILD_MODE_UNSAFE_FOR_PRODUCTION -fsanitize=memory -fsanitize-memory-track-origins -fsanitize-coverage=trace-pc-guard,trace-cmp -MT is_tar.lo -MD -MP -MF .deps/is_tar.Tpo -c is_tar.c  -fPIC -DPIC -o .libs/is_tar.o
#10 103.1 libtool: compile:  clang -DHAVE_CONFIG_H -I. -I.. -DMAGIC=\"/usr/local/share/misc/magic\" -Wall -Wstrict-prototypes -Wmissing-prototypes -Wpointer-arith -Wmissing-declarations -Wredundant-decls -Wnested-externs -Wsign-compare -Wreturn-type -Wswitch -Wshadow -Wcast-qual -Wwrite-strings -Wextra -Wunused-parameter -Wformat=2 -O1 -fno-omit-frame-pointer -gline-tables-only -DFUZZING_BUILD_MODE_UNSAFE_FOR_PRODUCTION -fsanitize=memory -fsanitize-memory-track-origins -fsanitize-coverage=trace-pc-guard,trace-cmp -MT is_tar.lo -MD -MP -MF .deps/is_tar.Tpo -c is_tar.c  -fPIC -DPIC -o is_tar.o >/dev/null 2>&1
#10 103.7 depbase=`echo readelf.lo | sed 's|[^/]*$|.deps/&|;s|\.lo$||'`;\
#10 103.7 /bin/bash ../libtool  --tag=CC   --mode=compile clang -DHAVE_CONFIG_H -I. -I..  -DMAGIC='"/usr/local/share/misc/magic"'   -Wall -Wstrict-prototypes -Wmissing-prototypes -Wpointer-arith        -Wmissing-declarations -Wredundant-decls -Wnested-externs        -Wsign-compare -Wreturn-type -Wswitch -Wshadow        -Wcast-qual -Wwrite-strings -Wextra -Wunused-parameter -Wformat=2 -O1 -fno-omit-frame-pointer -gline-tables-only -DFUZZING_BUILD_MODE_UNSAFE_FOR_PRODUCTION -fsanitize=memory -fsanitize-memory-track-origins -fsanitize-coverage=trace-pc-guard,trace-cmp -MT readelf.lo -MD -MP -MF $depbase.Tpo -c -o readelf.lo readelf.c &&\
#10 103.7 mv -f $depbase.Tpo $depbase.Plo
#10 104.1 libtool: compile:  clang -DHAVE_CONFIG_H -I. -I.. -DMAGIC=\"/usr/local/share/misc/magic\" -Wall -Wstrict-prototypes -Wmissing-prototypes -Wpointer-arith -Wmissing-declarations -Wredundant-decls -Wnested-externs -Wsign-compare -Wreturn-type -Wswitch -Wshadow -Wcast-qual -Wwrite-strings -Wextra -Wunused-parameter -Wformat=2 -O1 -fno-omit-frame-pointer -gline-tables-only -DFUZZING_BUILD_MODE_UNSAFE_FOR_PRODUCTION -fsanitize=memory -fsanitize-memory-track-origins -fsanitize-coverage=trace-pc-guard,trace-cmp -MT readelf.lo -MD -MP -MF .deps/readelf.Tpo -c readelf.c  -fPIC -DPIC -o .libs/readelf.o
#10 105.0 libtool: compile:  clang -DHAVE_CONFIG_H -I. -I.. -DMAGIC=\"/usr/local/share/misc/magic\" -Wall -Wstrict-prototypes -Wmissing-prototypes -Wpointer-arith -Wmissing-declarations -Wredundant-decls -Wnested-externs -Wsign-compare -Wreturn-type -Wswitch -Wshadow -Wcast-qual -Wwrite-strings -Wextra -Wunused-parameter -Wformat=2 -O1 -fno-omit-frame-pointer -gline-tables-only -DFUZZING_BUILD_MODE_UNSAFE_FOR_PRODUCTION -fsanitize=memory -fsanitize-memory-track-origins -fsanitize-coverage=trace-pc-guard,trace-cmp -MT readelf.lo -MD -MP -MF .deps/readelf.Tpo -c readelf.c  -fPIC -DPIC -o readelf.o >/dev/null 2>&1
#10 106.0 depbase=`echo print.lo | sed 's|[^/]*$|.deps/&|;s|\.lo$||'`;\
#10 106.0 /bin/bash ../libtool  --tag=CC   --mode=compile clang -DHAVE_CONFIG_H -I. -I..  -DMAGIC='"/usr/local/share/misc/magic"'   -Wall -Wstrict-prototypes -Wmissing-prototypes -Wpointer-arith        -Wmissing-declarations -Wredundant-decls -Wnested-externs        -Wsign-compare -Wreturn-type -Wswitch -Wshadow        -Wcast-qual -Wwrite-strings -Wextra -Wunused-parameter -Wformat=2 -O1 -fno-omit-frame-pointer -gline-tables-only -DFUZZING_BUILD_MODE_UNSAFE_FOR_PRODUCTION -fsanitize=memory -fsanitize-memory-track-origins -fsanitize-coverage=trace-pc-guard,trace-cmp -MT print.lo -MD -MP -MF $depbase.Tpo -c -o print.lo print.c &&\
#10 106.0 mv -f $depbase.Tpo $depbase.Plo
#10 106.4 libtool: compile:  clang -DHAVE_CONFIG_H -I. -I.. -DMAGIC=\"/usr/local/share/misc/magic\" -Wall -Wstrict-prototypes -Wmissing-prototypes -Wpointer-arith -Wmissing-declarations -Wredundant-decls -Wnested-externs -Wsign-compare -Wreturn-type -Wswitch -Wshadow -Wcast-qual -Wwrite-strings -Wextra -Wunused-parameter -Wformat=2 -O1 -fno-omit-frame-pointer -gline-tables-only -DFUZZING_BUILD_MODE_UNSAFE_FOR_PRODUCTION -fsanitize=memory -fsanitize-memory-track-origins -fsanitize-coverage=trace-pc-guard,trace-cmp -MT print.lo -MD -MP -MF .deps/print.Tpo -c print.c  -fPIC -DPIC -o .libs/print.o
#10 107.0 libtool: compile:  clang -DHAVE_CONFIG_H -I. -I.. -DMAGIC=\"/usr/local/share/misc/magic\" -Wall -Wstrict-prototypes -Wmissing-prototypes -Wpointer-arith -Wmissing-declarations -Wredundant-decls -Wnested-externs -Wsign-compare -Wreturn-type -Wswitch -Wshadow -Wcast-qual -Wwrite-strings -Wextra -Wunused-parameter -Wformat=2 -O1 -fno-omit-frame-pointer -gline-tables-only -DFUZZING_BUILD_MODE_UNSAFE_FOR_PRODUCTION -fsanitize=memory -fsanitize-memory-track-origins -fsanitize-coverage=trace-pc-guard,trace-cmp -MT print.lo -MD -MP -MF .deps/print.Tpo -c print.c  -fPIC -DPIC -o print.o >/dev/null 2>&1
#10 107.6 depbase=`echo fsmagic.lo | sed 's|[^/]*$|.deps/&|;s|\.lo$||'`;\
#10 107.6 /bin/bash ../libtool  --tag=CC   --mode=compile clang -DHAVE_CONFIG_H -I. -I..  -DMAGIC='"/usr/local/share/misc/magic"'   -Wall -Wstrict-prototypes -Wmissing-prototypes -Wpointer-arith        -Wmissing-declarations -Wredundant-decls -Wnested-externs        -Wsign-compare -Wreturn-type -Wswitch -Wshadow        -Wcast-qual -Wwrite-strings -Wextra -Wunused-parameter -Wformat=2 -O1 -fno-omit-frame-pointer -gline-tables-only -DFUZZING_BUILD_MODE_UNSAFE_FOR_PRODUCTION -fsanitize=memory -fsanitize-memory-track-origins -fsanitize-coverage=trace-pc-guard,trace-cmp -MT fsmagic.lo -MD -MP -MF $depbase.Tpo -c -o fsmagic.lo fsmagic.c &&\
#10 107.6 mv -f $depbase.Tpo $depbase.Plo
#10 107.9 libtool: compile:  clang -DHAVE_CONFIG_H -I. -I.. -DMAGIC=\"/usr/local/share/misc/magic\" -Wall -Wstrict-prototypes -Wmissing-prototypes -Wpointer-arith -Wmissing-declarations -Wredundant-decls -Wnested-externs -Wsign-compare -Wreturn-type -Wswitch -Wshadow -Wcast-qual -Wwrite-strings -Wextra -Wunused-parameter -Wformat=2 -O1 -fno-omit-frame-pointer -gline-tables-only -DFUZZING_BUILD_MODE_UNSAFE_FOR_PRODUCTION -fsanitize=memory -fsanitize-memory-track-origins -fsanitize-coverage=trace-pc-guard,trace-cmp -MT fsmagic.lo -MD -MP -MF .deps/fsmagic.Tpo -c fsmagic.c  -fPIC -DPIC -o .libs/fsmagic.o
#10 108.5 libtool: compile:  clang -DHAVE_CONFIG_H -I. -I.. -DMAGIC=\"/usr/local/share/misc/magic\" -Wall -Wstrict-prototypes -Wmissing-prototypes -Wpointer-arith -Wmissing-declarations -Wredundant-decls -Wnested-externs -Wsign-compare -Wreturn-type -Wswitch -Wshadow -Wcast-qual -Wwrite-strings -Wextra -Wunused-parameter -Wformat=2 -O1 -fno-omit-frame-pointer -gline-tables-only -DFUZZING_BUILD_MODE_UNSAFE_FOR_PRODUCTION -fsanitize=memory -fsanitize-memory-track-origins -fsanitize-coverage=trace-pc-guard,trace-cmp -MT fsmagic.lo -MD -MP -MF .deps/fsmagic.Tpo -c fsmagic.c  -fPIC -DPIC -o fsmagic.o >/dev/null 2>&1
#10 109.1 depbase=`echo funcs.lo | sed 's|[^/]*$|.deps/&|;s|\.lo$||'`;\
#10 109.1 /bin/bash ../libtool  --tag=CC   --mode=compile clang -DHAVE_CONFIG_H -I. -I..  -DMAGIC='"/usr/local/share/misc/magic"'   -Wall -Wstrict-prototypes -Wmissing-prototypes -Wpointer-arith        -Wmissing-declarations -Wredundant-decls -Wnested-externs        -Wsign-compare -Wreturn-type -Wswitch -Wshadow        -Wcast-qual -Wwrite-strings -Wextra -Wunused-parameter -Wformat=2 -O1 -fno-omit-frame-pointer -gline-tables-only -DFUZZING_BUILD_MODE_UNSAFE_FOR_PRODUCTION -fsanitize=memory -fsanitize-memory-track-origins -fsanitize-coverage=trace-pc-guard,trace-cmp -MT funcs.lo -MD -MP -MF $depbase.Tpo -c -o funcs.lo funcs.c &&\
#10 109.1 mv -f $depbase.Tpo $depbase.Plo
#10 109.5 libtool: compile:  clang -DHAVE_CONFIG_H -I. -I.. -DMAGIC=\"/usr/local/share/misc/magic\" -Wall -Wstrict-prototypes -Wmissing-prototypes -Wpointer-arith -Wmissing-declarations -Wredundant-decls -Wnested-externs -Wsign-compare -Wreturn-type -Wswitch -Wshadow -Wcast-qual -Wwrite-strings -Wextra -Wunused-parameter -Wformat=2 -O1 -fno-omit-frame-pointer -gline-tables-only -DFUZZING_BUILD_MODE_UNSAFE_FOR_PRODUCTION -fsanitize=memory -fsanitize-memory-track-origins -fsanitize-coverage=trace-pc-guard,trace-cmp -MT funcs.lo -MD -MP -MF .deps/funcs.Tpo -c funcs.c  -fPIC -DPIC -o .libs/funcs.o
#10 110.2 libtool: compile:  clang -DHAVE_CONFIG_H -I. -I.. -DMAGIC=\"/usr/local/share/misc/magic\" -Wall -Wstrict-prototypes -Wmissing-prototypes -Wpointer-arith -Wmissing-declarations -Wredundant-decls -Wnested-externs -Wsign-compare -Wreturn-type -Wswitch -Wshadow -Wcast-qual -Wwrite-strings -Wextra -Wunused-parameter -Wformat=2 -O1 -fno-omit-frame-pointer -gline-tables-only -DFUZZING_BUILD_MODE_UNSAFE_FOR_PRODUCTION -fsanitize=memory -fsanitize-memory-track-origins -fsanitize-coverage=trace-pc-guard,trace-cmp -MT funcs.lo -MD -MP -MF .deps/funcs.Tpo -c funcs.c  -fPIC -DPIC -o funcs.o >/dev/null 2>&1
#10 111.0 depbase=`echo apptype.lo | sed 's|[^/]*$|.deps/&|;s|\.lo$||'`;\
#10 111.0 /bin/bash ../libtool  --tag=CC   --mode=compile clang -DHAVE_CONFIG_H -I. -I..  -DMAGIC='"/usr/local/share/misc/magic"'   -Wall -Wstrict-prototypes -Wmissing-prototypes -Wpointer-arith        -Wmissing-declarations -Wredundant-decls -Wnested-externs        -Wsign-compare -Wreturn-type -Wswitch -Wshadow        -Wcast-qual -Wwrite-strings -Wextra -Wunused-parameter -Wformat=2 -O1 -fno-omit-frame-pointer -gline-tables-only -DFUZZING_BUILD_MODE_UNSAFE_FOR_PRODUCTION -fsanitize=memory -fsanitize-memory-track-origins -fsanitize-coverage=trace-pc-guard,trace-cmp -MT apptype.lo -MD -MP -MF $depbase.Tpo -c -o apptype.lo apptype.c &&\
#10 111.0 mv -f $depbase.Tpo $depbase.Plo
#10 111.3 libtool: compile:  clang -DHAVE_CONFIG_H -I. -I.. -DMAGIC=\"/usr/local/share/misc/magic\" -Wall -Wstrict-prototypes -Wmissing-prototypes -Wpointer-arith -Wmissing-declarations -Wredundant-decls -Wnested-externs -Wsign-compare -Wreturn-type -Wswitch -Wshadow -Wcast-qual -Wwrite-strings -Wextra -Wunused-parameter -Wformat=2 -O1 -fno-omit-frame-pointer -gline-tables-only -DFUZZING_BUILD_MODE_UNSAFE_FOR_PRODUCTION -fsanitize=memory -fsanitize-memory-track-origins -fsanitize-coverage=trace-pc-guard,trace-cmp -MT apptype.lo -MD -MP -MF .deps/apptype.Tpo -c apptype.c  -fPIC -DPIC -o .libs/apptype.o
#10 111.6 libtool: compile:  clang -DHAVE_CONFIG_H -I. -I.. -DMAGIC=\"/usr/local/share/misc/magic\" -Wall -Wstrict-prototypes -Wmissing-prototypes -Wpointer-arith -Wmissing-declarations -Wredundant-decls -Wnested-externs -Wsign-compare -Wreturn-type -Wswitch -Wshadow -Wcast-qual -Wwrite-strings -Wextra -Wunused-parameter -Wformat=2 -O1 -fno-omit-frame-pointer -gline-tables-only -DFUZZING_BUILD_MODE_UNSAFE_FOR_PRODUCTION -fsanitize=memory -fsanitize-memory-track-origins -fsanitize-coverage=trace-pc-guard,trace-cmp -MT apptype.lo -MD -MP -MF .deps/apptype.Tpo -c apptype.c  -fPIC -DPIC -o apptype.o >/dev/null 2>&1
#10 111.9 depbase=`echo der.lo | sed 's|[^/]*$|.deps/&|;s|\.lo$||'`;\
#10 111.9 /bin/bash ../libtool  --tag=CC   --mode=compile clang -DHAVE_CONFIG_H -I. -I..  -DMAGIC='"/usr/local/share/misc/magic"'   -Wall -Wstrict-prototypes -Wmissing-prototypes -Wpointer-arith        -Wmissing-declarations -Wredundant-decls -Wnested-externs        -Wsign-compare -Wreturn-type -Wswitch -Wshadow        -Wcast-qual -Wwrite-strings -Wextra -Wunused-parameter -Wformat=2 -O1 -fno-omit-frame-pointer -gline-tables-only -DFUZZING_BUILD_MODE_UNSAFE_FOR_PRODUCTION -fsanitize=memory -fsanitize-memory-track-origins -fsanitize-coverage=trace-pc-guard,trace-cmp -MT der.lo -MD -MP -MF $depbase.Tpo -c -o der.lo der.c &&\
#10 111.9 mv -f $depbase.Tpo $depbase.Plo
#10 112.3 libtool: compile:  clang -DHAVE_CONFIG_H -I. -I.. -DMAGIC=\"/usr/local/share/misc/magic\" -Wall -Wstrict-prototypes -Wmissing-prototypes -Wpointer-arith -Wmissing-declarations -Wredundant-decls -Wnested-externs -Wsign-compare -Wreturn-type -Wswitch -Wshadow -Wcast-qual -Wwrite-strings -Wextra -Wunused-parameter -Wformat=2 -O1 -fno-omit-frame-pointer -gline-tables-only -DFUZZING_BUILD_MODE_UNSAFE_FOR_PRODUCTION -fsanitize=memory -fsanitize-memory-track-origins -fsanitize-coverage=trace-pc-guard,trace-cmp -MT der.lo -MD -MP -MF .deps/der.Tpo -c der.c  -fPIC -DPIC -o .libs/der.o
#10 112.9 libtool: compile:  clang -DHAVE_CONFIG_H -I. -I.. -DMAGIC=\"/usr/local/share/misc/magic\" -Wall -Wstrict-prototypes -Wmissing-prototypes -Wpointer-arith -Wmissing-declarations -Wredundant-decls -Wnested-externs -Wsign-compare -Wreturn-type -Wswitch -Wshadow -Wcast-qual -Wwrite-strings -Wextra -Wunused-parameter -Wformat=2 -O1 -fno-omit-frame-pointer -gline-tables-only -DFUZZING_BUILD_MODE_UNSAFE_FOR_PRODUCTION -fsanitize=memory -fsanitize-memory-track-origins -fsanitize-coverage=trace-pc-guard,trace-cmp -MT der.lo -MD -MP -MF .deps/der.Tpo -c der.c  -fPIC -DPIC -o der.o >/dev/null 2>&1
#10 113.6 depbase=`echo cdf.lo | sed 's|[^/]*$|.deps/&|;s|\.lo$||'`;\
#10 113.6 /bin/bash ../libtool  --tag=CC   --mode=compile clang -DHAVE_CONFIG_H -I. -I..  -DMAGIC='"/usr/local/share/misc/magic"'   -Wall -Wstrict-prototypes -Wmissing-prototypes -Wpointer-arith        -Wmissing-declarations -Wredundant-decls -Wnested-externs        -Wsign-compare -Wreturn-type -Wswitch -Wshadow        -Wcast-qual -Wwrite-strings -Wextra -Wunused-parameter -Wformat=2 -O1 -fno-omit-frame-pointer -gline-tables-only -DFUZZING_BUILD_MODE_UNSAFE_FOR_PRODUCTION -fsanitize=memory -fsanitize-memory-track-origins -fsanitize-coverage=trace-pc-guard,trace-cmp -MT cdf.lo -MD -MP -MF $depbase.Tpo -c -o cdf.lo cdf.c &&\
#10 113.6 mv -f $depbase.Tpo $depbase.Plo
#10 113.9 libtool: compile:  clang -DHAVE_CONFIG_H -I. -I.. -DMAGIC=\"/usr/local/share/misc/magic\" -Wall -Wstrict-prototypes -Wmissing-prototypes -Wpointer-arith -Wmissing-declarations -Wredundant-decls -Wnested-externs -Wsign-compare -Wreturn-type -Wswitch -Wshadow -Wcast-qual -Wwrite-strings -Wextra -Wunused-parameter -Wformat=2 -O1 -fno-omit-frame-pointer -gline-tables-only -DFUZZING_BUILD_MODE_UNSAFE_FOR_PRODUCTION -fsanitize=memory -fsanitize-memory-track-origins -fsanitize-coverage=trace-pc-guard,trace-cmp -MT cdf.lo -MD -MP -MF .deps/cdf.Tpo -c cdf.c  -fPIC -DPIC -o .libs/cdf.o
#10 114.8 libtool: compile:  clang -DHAVE_CONFIG_H -I. -I.. -DMAGIC=\"/usr/local/share/misc/magic\" -Wall -Wstrict-prototypes -Wmissing-prototypes -Wpointer-arith -Wmissing-declarations -Wredundant-decls -Wnested-externs -Wsign-compare -Wreturn-type -Wswitch -Wshadow -Wcast-qual -Wwrite-strings -Wextra -Wunused-parameter -Wformat=2 -O1 -fno-omit-frame-pointer -gline-tables-only -DFUZZING_BUILD_MODE_UNSAFE_FOR_PRODUCTION -fsanitize=memory -fsanitize-memory-track-origins -fsanitize-coverage=trace-pc-guard,trace-cmp -MT cdf.lo -MD -MP -MF .deps/cdf.Tpo -c cdf.c  -fPIC -DPIC -o cdf.o >/dev/null 2>&1
#10 115.8 depbase=`echo cdf_time.lo | sed 's|[^/]*$|.deps/&|;s|\.lo$||'`;\
#10 115.8 /bin/bash ../libtool  --tag=CC   --mode=compile clang -DHAVE_CONFIG_H -I. -I..  -DMAGIC='"/usr/local/share/misc/magic"'   -Wall -Wstrict-prototypes -Wmissing-prototypes -Wpointer-arith        -Wmissing-declarations -Wredundant-decls -Wnested-externs        -Wsign-compare -Wreturn-type -Wswitch -Wshadow        -Wcast-qual -Wwrite-strings -Wextra -Wunused-parameter -Wformat=2 -O1 -fno-omit-frame-pointer -gline-tables-only -DFUZZING_BUILD_MODE_UNSAFE_FOR_PRODUCTION -fsanitize=memory -fsanitize-memory-track-origins -fsanitize-coverage=trace-pc-guard,trace-cmp -MT cdf_time.lo -MD -MP -MF $depbase.Tpo -c -o cdf_time.lo cdf_time.c &&\
#10 115.8 mv -f $depbase.Tpo $depbase.Plo
#10 116.1 libtool: compile:  clang -DHAVE_CONFIG_H -I. -I.. -DMAGIC=\"/usr/local/share/misc/magic\" -Wall -Wstrict-prototypes -Wmissing-prototypes -Wpointer-arith -Wmissing-declarations -Wredundant-decls -Wnested-externs -Wsign-compare -Wreturn-type -Wswitch -Wshadow -Wcast-qual -Wwrite-strings -Wextra -Wunused-parameter -Wformat=2 -O1 -fno-omit-frame-pointer -gline-tables-only -DFUZZING_BUILD_MODE_UNSAFE_FOR_PRODUCTION -fsanitize=memory -fsanitize-memory-track-origins -fsanitize-coverage=trace-pc-guard,trace-cmp -MT cdf_time.lo -MD -MP -MF .deps/cdf_time.Tpo -c cdf_time.c  -fPIC -DPIC -o .libs/cdf_time.o
#10 116.7 libtool: compile:  clang -DHAVE_CONFIG_H -I. -I.. -DMAGIC=\"/usr/local/share/misc/magic\" -Wall -Wstrict-prototypes -Wmissing-prototypes -Wpointer-arith -Wmissing-declarations -Wredundant-decls -Wnested-externs -Wsign-compare -Wreturn-type -Wswitch -Wshadow -Wcast-qual -Wwrite-strings -Wextra -Wunused-parameter -Wformat=2 -O1 -fno-omit-frame-pointer -gline-tables-only -DFUZZING_BUILD_MODE_UNSAFE_FOR_PRODUCTION -fsanitize=memory -fsanitize-memory-track-origins -fsanitize-coverage=trace-pc-guard,trace-cmp -MT cdf_time.lo -MD -MP -MF .deps/cdf_time.Tpo -c cdf_time.c  -fPIC -DPIC -o cdf_time.o >/dev/null 2>&1
#10 117.3 depbase=`echo readcdf.lo | sed 's|[^/]*$|.deps/&|;s|\.lo$||'`;\
#10 117.3 /bin/bash ../libtool  --tag=CC   --mode=compile clang -DHAVE_CONFIG_H -I. -I..  -DMAGIC='"/usr/local/share/misc/magic"'   -Wall -Wstrict-prototypes -Wmissing-prototypes -Wpointer-arith        -Wmissing-declarations -Wredundant-decls -Wnested-externs        -Wsign-compare -Wreturn-type -Wswitch -Wshadow        -Wcast-qual -Wwrite-strings -Wextra -Wunused-parameter -Wformat=2 -O1 -fno-omit-frame-pointer -gline-tables-only -DFUZZING_BUILD_MODE_UNSAFE_FOR_PRODUCTION -fsanitize=memory -fsanitize-memory-track-origins -fsanitize-coverage=trace-pc-guard,trace-cmp -MT readcdf.lo -MD -MP -MF $depbase.Tpo -c -o readcdf.lo readcdf.c &&\
#10 117.3 mv -f $depbase.Tpo $depbase.Plo
#10 117.6 libtool: compile:  clang -DHAVE_CONFIG_H -I. -I.. -DMAGIC=\"/usr/local/share/misc/magic\" -Wall -Wstrict-prototypes -Wmissing-prototypes -Wpointer-arith -Wmissing-declarations -Wredundant-decls -Wnested-externs -Wsign-compare -Wreturn-type -Wswitch -Wshadow -Wcast-qual -Wwrite-strings -Wextra -Wunused-parameter -Wformat=2 -O1 -fno-omit-frame-pointer -gline-tables-only -DFUZZING_BUILD_MODE_UNSAFE_FOR_PRODUCTION -fsanitize=memory -fsanitize-memory-track-origins -fsanitize-coverage=trace-pc-guard,trace-cmp -MT readcdf.lo -MD -MP -MF .deps/readcdf.Tpo -c readcdf.c  -fPIC -DPIC -o .libs/readcdf.o
#10 118.3 libtool: compile:  clang -DHAVE_CONFIG_H -I. -I.. -DMAGIC=\"/usr/local/share/misc/magic\" -Wall -Wstrict-prototypes -Wmissing-prototypes -Wpointer-arith -Wmissing-declarations -Wredundant-decls -Wnested-externs -Wsign-compare -Wreturn-type -Wswitch -Wshadow -Wcast-qual -Wwrite-strings -Wextra -Wunused-parameter -Wformat=2 -O1 -fno-omit-frame-pointer -gline-tables-only -DFUZZING_BUILD_MODE_UNSAFE_FOR_PRODUCTION -fsanitize=memory -fsanitize-memory-track-origins -fsanitize-coverage=trace-pc-guard,trace-cmp -MT readcdf.lo -MD -MP -MF .deps/readcdf.Tpo -c readcdf.c  -fPIC -DPIC -o readcdf.o >/dev/null 2>&1
#10 119.1 depbase=`echo strlcpy.lo | sed 's|[^/]*$|.deps/&|;s|\.lo$||'`;\
#10 119.1 /bin/bash ../libtool  --tag=CC   --mode=compile clang -DHAVE_CONFIG_H -I. -I..  -DMAGIC='"/usr/local/share/misc/magic"'   -Wall -Wstrict-prototypes -Wmissing-prototypes -Wpointer-arith        -Wmissing-declarations -Wredundant-decls -Wnested-externs        -Wsign-compare -Wreturn-type -Wswitch -Wshadow        -Wcast-qual -Wwrite-strings -Wextra -Wunused-parameter -Wformat=2 -O1 -fno-omit-frame-pointer -gline-tables-only -DFUZZING_BUILD_MODE_UNSAFE_FOR_PRODUCTION -fsanitize=memory -fsanitize-memory-track-origins -fsanitize-coverage=trace-pc-guard,trace-cmp -MT strlcpy.lo -MD -MP -MF $depbase.Tpo -c -o strlcpy.lo strlcpy.c &&\
#10 119.1 mv -f $depbase.Tpo $depbase.Plo
#10 119.4 libtool: compile:  clang -DHAVE_CONFIG_H -I. -I.. -DMAGIC=\"/usr/local/share/misc/magic\" -Wall -Wstrict-prototypes -Wmissing-prototypes -Wpointer-arith -Wmissing-declarations -Wredundant-decls -Wnested-externs -Wsign-compare -Wreturn-type -Wswitch -Wshadow -Wcast-qual -Wwrite-strings -Wextra -Wunused-parameter -Wformat=2 -O1 -fno-omit-frame-pointer -gline-tables-only -DFUZZING_BUILD_MODE_UNSAFE_FOR_PRODUCTION -fsanitize=memory -fsanitize-memory-track-origins -fsanitize-coverage=trace-pc-guard,trace-cmp -MT strlcpy.lo -MD -MP -MF .deps/strlcpy.Tpo -c strlcpy.c  -fPIC -DPIC -o .libs/strlcpy.o
#10 119.9 libtool: compile:  clang -DHAVE_CONFIG_H -I. -I.. -DMAGIC=\"/usr/local/share/misc/magic\" -Wall -Wstrict-prototypes -Wmissing-prototypes -Wpointer-arith -Wmissing-declarations -Wredundant-decls -Wnested-externs -Wsign-compare -Wreturn-type -Wswitch -Wshadow -Wcast-qual -Wwrite-strings -Wextra -Wunused-parameter -Wformat=2 -O1 -fno-omit-frame-pointer -gline-tables-only -DFUZZING_BUILD_MODE_UNSAFE_FOR_PRODUCTION -fsanitize=memory -fsanitize-memory-track-origins -fsanitize-coverage=trace-pc-guard,trace-cmp -MT strlcpy.lo -MD -MP -MF .deps/strlcpy.Tpo -c strlcpy.c  -fPIC -DPIC -o strlcpy.o >/dev/null 2>&1
#10 120.5 depbase=`echo strlcat.lo | sed 's|[^/]*$|.deps/&|;s|\.lo$||'`;\
#10 120.5 /bin/bash ../libtool  --tag=CC   --mode=compile clang -DHAVE_CONFIG_H -I. -I..  -DMAGIC='"/usr/local/share/misc/magic"'   -Wall -Wstrict-prototypes -Wmissing-prototypes -Wpointer-arith        -Wmissing-declarations -Wredundant-decls -Wnested-externs        -Wsign-compare -Wreturn-type -Wswitch -Wshadow        -Wcast-qual -Wwrite-strings -Wextra -Wunused-parameter -Wformat=2 -O1 -fno-omit-frame-pointer -gline-tables-only -DFUZZING_BUILD_MODE_UNSAFE_FOR_PRODUCTION -fsanitize=memory -fsanitize-memory-track-origins -fsanitize-coverage=trace-pc-guard,trace-cmp -MT strlcat.lo -MD -MP -MF $depbase.Tpo -c -o strlcat.lo strlcat.c &&\
#10 120.5 mv -f $depbase.Tpo $depbase.Plo
#10 120.8 libtool: compile:  clang -DHAVE_CONFIG_H -I. -I.. -DMAGIC=\"/usr/local/share/misc/magic\" -Wall -Wstrict-prototypes -Wmissing-prototypes -Wpointer-arith -Wmissing-declarations -Wredundant-decls -Wnested-externs -Wsign-compare -Wreturn-type -Wswitch -Wshadow -Wcast-qual -Wwrite-strings -Wextra -Wunused-parameter -Wformat=2 -O1 -fno-omit-frame-pointer -gline-tables-only -DFUZZING_BUILD_MODE_UNSAFE_FOR_PRODUCTION -fsanitize=memory -fsanitize-memory-track-origins -fsanitize-coverage=trace-pc-guard,trace-cmp -MT strlcat.lo -MD -MP -MF .deps/strlcat.Tpo -c strlcat.c  -fPIC -DPIC -o .libs/strlcat.o
#10 121.3 libtool: compile:  clang -DHAVE_CONFIG_H -I. -I.. -DMAGIC=\"/usr/local/share/misc/magic\" -Wall -Wstrict-prototypes -Wmissing-prototypes -Wpointer-arith -Wmissing-declarations -Wredundant-decls -Wnested-externs -Wsign-compare -Wreturn-type -Wswitch -Wshadow -Wcast-qual -Wwrite-strings -Wextra -Wunused-parameter -Wformat=2 -O1 -fno-omit-frame-pointer -gline-tables-only -DFUZZING_BUILD_MODE_UNSAFE_FOR_PRODUCTION -fsanitize=memory -fsanitize-memory-track-origins -fsanitize-coverage=trace-pc-guard,trace-cmp -MT strlcat.lo -MD -MP -MF .deps/strlcat.Tpo -c strlcat.c  -fPIC -DPIC -o strlcat.o >/dev/null 2>&1
#10 121.9 depbase=`echo fmtcheck.lo | sed 's|[^/]*$|.deps/&|;s|\.lo$||'`;\
#10 121.9 /bin/bash ../libtool  --tag=CC   --mode=compile clang -DHAVE_CONFIG_H -I. -I..  -DMAGIC='"/usr/local/share/misc/magic"'   -Wall -Wstrict-prototypes -Wmissing-prototypes -Wpointer-arith        -Wmissing-declarations -Wredundant-decls -Wnested-externs        -Wsign-compare -Wreturn-type -Wswitch -Wshadow        -Wcast-qual -Wwrite-strings -Wextra -Wunused-parameter -Wformat=2 -O1 -fno-omit-frame-pointer -gline-tables-only -DFUZZING_BUILD_MODE_UNSAFE_FOR_PRODUCTION -fsanitize=memory -fsanitize-memory-track-origins -fsanitize-coverage=trace-pc-guard,trace-cmp -MT fmtcheck.lo -MD -MP -MF $depbase.Tpo -c -o fmtcheck.lo fmtcheck.c &&\
#10 121.9 mv -f $depbase.Tpo $depbase.Plo
#10 122.2 libtool: compile:  clang -DHAVE_CONFIG_H -I. -I.. -DMAGIC=\"/usr/local/share/misc/magic\" -Wall -Wstrict-prototypes -Wmissing-prototypes -Wpointer-arith -Wmissing-declarations -Wredundant-decls -Wnested-externs -Wsign-compare -Wreturn-type -Wswitch -Wshadow -Wcast-qual -Wwrite-strings -Wextra -Wunused-parameter -Wformat=2 -O1 -fno-omit-frame-pointer -gline-tables-only -DFUZZING_BUILD_MODE_UNSAFE_FOR_PRODUCTION -fsanitize=memory -fsanitize-memory-track-origins -fsanitize-coverage=trace-pc-guard,trace-cmp -MT fmtcheck.lo -MD -MP -MF .deps/fmtcheck.Tpo -c fmtcheck.c  -fPIC -DPIC -o .libs/fmtcheck.o
#10 122.8 libtool: compile:  clang -DHAVE_CONFIG_H -I. -I.. -DMAGIC=\"/usr/local/share/misc/magic\" -Wall -Wstrict-prototypes -Wmissing-prototypes -Wpointer-arith -Wmissing-declarations -Wredundant-decls -Wnested-externs -Wsign-compare -Wreturn-type -Wswitch -Wshadow -Wcast-qual -Wwrite-strings -Wextra -Wunused-parameter -Wformat=2 -O1 -fno-omit-frame-pointer -gline-tables-only -DFUZZING_BUILD_MODE_UNSAFE_FOR_PRODUCTION -fsanitize=memory -fsanitize-memory-track-origins -fsanitize-coverage=trace-pc-guard,trace-cmp -MT fmtcheck.lo -MD -MP -MF .deps/fmtcheck.Tpo -c fmtcheck.c  -fPIC -DPIC -o fmtcheck.o >/dev/null 2>&1
#10 123.4 /bin/bash ../libtool  --tag=CC   --mode=link clang  -Wall -Wstrict-prototypes -Wmissing-prototypes -Wpointer-arith        -Wmissing-declarations -Wredundant-decls -Wnested-externs        -Wsign-compare -Wreturn-type -Wswitch -Wshadow        -Wcast-qual -Wwrite-strings -Wextra -Wunused-parameter -Wformat=2 -O1 -fno-omit-frame-pointer -gline-tables-only -DFUZZING_BUILD_MODE_UNSAFE_FOR_PRODUCTION -fsanitize=memory -fsanitize-memory-track-origins -fsanitize-coverage=trace-pc-guard,trace-cmp -no-undefined -version-info 1:0:0  -o libmagic.la -rpath /usr/local/lib magic.lo apprentice.lo softmagic.lo ascmagic.lo encoding.lo compress.lo is_tar.lo readelf.lo print.lo fsmagic.lo funcs.lo apptype.lo der.lo cdf.lo cdf_time.lo readcdf.lo strlcpy.lo strlcat.lo fmtcheck.lo  
#10 123.7 libtool: link: clang -shared  -fPIC -DPIC  .libs/magic.o .libs/apprentice.o .libs/softmagic.o .libs/ascmagic.o .libs/encoding.o .libs/compress.o .libs/is_tar.o .libs/readelf.o .libs/print.o .libs/fsmagic.o .libs/funcs.o .libs/apptype.o .libs/der.o .libs/cdf.o .libs/cdf_time.o .libs/readcdf.o .libs/strlcpy.o .libs/strlcat.o .libs/fmtcheck.o    -O1 -gline-tables-only -fsanitize=memory   -Wl,-soname -Wl,libmagic.so.1 -o .libs/libmagic.so.1.0.0
#10 123.8 libtool: link: (cd ".libs" && rm -f "libmagic.so.1" && ln -s "libmagic.so.1.0.0" "libmagic.so.1")
#10 123.8 libtool: link: (cd ".libs" && rm -f "libmagic.so" && ln -s "libmagic.so.1.0.0" "libmagic.so")
#10 123.8 libtool: link: ar cru .libs/libmagic.a  magic.o apprentice.o softmagic.o ascmagic.o encoding.o compress.o is_tar.o readelf.o print.o fsmagic.o funcs.o apptype.o der.o cdf.o cdf_time.o readcdf.o strlcpy.o strlcat.o fmtcheck.o
#10 123.8 ar: `u' modifier ignored since `D' is the default (see `U')
#10 123.8 libtool: link: ranlib .libs/libmagic.a
#10 123.9 libtool: link: ( cd ".libs" && rm -f "libmagic.la" && ln -s "../libmagic.la" "libmagic.la" )
#10 123.9 depbase=`echo file.o | sed 's|[^/]*$|.deps/&|;s|\.o$||'`;\
#10 123.9 clang -DHAVE_CONFIG_H -I. -I..  -DMAGIC='"/usr/local/share/misc/magic"'   -Wall -Wstrict-prototypes -Wmissing-prototypes -Wpointer-arith        -Wmissing-declarations -Wredundant-decls -Wnested-externs        -Wsign-compare -Wreturn-type -Wswitch -Wshadow        -Wcast-qual -Wwrite-strings -Wextra -Wunused-parameter -Wformat=2 -O1 -fno-omit-frame-pointer -gline-tables-only -DFUZZING_BUILD_MODE_UNSAFE_FOR_PRODUCTION -fsanitize=memory -fsanitize-memory-track-origins -fsanitize-coverage=trace-pc-guard,trace-cmp -MT file.o -MD -MP -MF $depbase.Tpo -c -o file.o file.c &&\
#10 123.9 mv -f $depbase.Tpo $depbase.Po
#10 124.7 /bin/bash ../libtool  --tag=CC   --mode=link clang  -Wall -Wstrict-prototypes -Wmissing-prototypes -Wpointer-arith        -Wmissing-declarations -Wredundant-decls -Wnested-externs        -Wsign-compare -Wreturn-type -Wswitch -Wshadow        -Wcast-qual -Wwrite-strings -Wextra -Wunused-parameter -Wformat=2 -O1 -fno-omit-frame-pointer -gline-tables-only -DFUZZING_BUILD_MODE_UNSAFE_FOR_PRODUCTION -fsanitize=memory -fsanitize-memory-track-origins -fsanitize-coverage=trace-pc-guard,trace-cmp   -o file file.o libmagic.la 
#10 124.9 libtool: link: clang -Wall -Wstrict-prototypes -Wmissing-prototypes -Wpointer-arith -Wmissing-declarations -Wredundant-decls -Wnested-externs -Wsign-compare -Wreturn-type -Wswitch -Wshadow -Wcast-qual -Wwrite-strings -Wextra -Wunused-parameter -Wformat=2 -O1 -fno-omit-frame-pointer -gline-tables-only -DFUZZING_BUILD_MODE_UNSAFE_FOR_PRODUCTION -fsanitize=memory -fsanitize-memory-track-origins -fsanitize-coverage=trace-pc-guard,trace-cmp -o .libs/file file.o  ./.libs/libmagic.so
#10 125.1 make[3]: Leaving directory '/src/file/src'
#10 125.1 make[2]: Leaving directory '/src/file/src'
#10 125.1 Making all in magic
#10 125.2 make[2]: Entering directory '/src/file/magic'
#10 125.2 ../src/file -C -m magic
#10 125.6 make[2]: Leaving directory '/src/file/magic'
#10 125.6 Making all in tests
#10 125.6 make[2]: Entering directory '/src/file/tests'
#10 125.6 make[2]: Nothing to be done for 'all'.
#10 125.6 make[2]: Leaving directory '/src/file/tests'
#10 125.6 Making all in doc
#10 125.7 make[2]: Entering directory '/src/file/doc'
#10 125.7 sed -e s@__CSECTION__@1@g \
#10 125.7     -e s@__FSECTION__@4@g \
#10 125.7     -e s@__VERSION__@5.30@g \
#10 125.7     -e s@__MAGIC__@/usr/local/share/misc/magic@g ./file.man > file.1
#10 125.7 sed -e s@__CSECTION__@1@g \
#10 125.7     -e s@__FSECTION__@4@g \
#10 125.7     -e s@__VERSION__@5.30@g \
#10 125.7     -e s@__MAGIC__@/usr/local/share/misc/magic@g ./magic.man > magic.4
#10 125.8 sed -e s@__CSECTION__@1@g \
#10 125.8     -e s@__FSECTION__@4@g \
#10 125.8     -e s@__VERSION__@5.30@g \
#10 125.8     -e s@__MAGIC__@/usr/local/share/misc/magic@g ./libmagic.man > libmagic.3
#10 125.8 make[2]: Leaving directory '/src/file/doc'
#10 125.8 Making all in python
#10 125.8 make[2]: Entering directory '/src/file/python'
#10 125.8 make[2]: Nothing to be done for 'all'.
#10 125.8 make[2]: Leaving directory '/src/file/python'
#10 125.9 make[2]: Entering directory '/src/file'
#10 125.9 make[2]: Leaving directory '/src/file'
#10 125.9 make[1]: Leaving directory '/src/file'
#10 125.9 + clang++ -O1 -fno-omit-frame-pointer -gline-tables-only -DFUZZING_BUILD_MODE_UNSAFE_FOR_PRODUCTION -fsanitize=memory -fsanitize-memory-track-origins -fsanitize-coverage=trace-pc-guard,trace-cmp -stdlib=libc++ -std=c++11 -Isrc/ /src/magic_fuzzer.cc -o /out/magic_fuzzer -lFuzzingEngine ./src/.libs/libmagic.a
#10 126.9 + cp ./magic/magic.mgc /out/
#10 DONE 126.9s

#11 exporting to image
#11 exporting layers
#11 exporting layers 1.6s done
#11 exporting manifest sha256:4d22e31cda192994c1955713dd93bce4e9a2c1ca9bba521d8e58c122e8744c6c done
#11 exporting config sha256:c86a425e500a616dfd797f0234e6ccf2990cb24c370c221368423bec2a0a9328 done
#11 exporting attestation manifest sha256:34fb31c62193a01d39844953369b7ca6954909ecadf8f6ea4929bf8f503ca95e done
#11 exporting manifest list sha256:0de43eb67e30a1373af4e7a435dbfb999819a86cc8be25373db414eab4f9869f done
#11 naming to docker.io/library/cybergym-arvo-1065:fix done
#11 DONE 1.6s

 [33m1 warning found (use docker --debug to expand):
[0m - RedundantTargetPlatform: Setting platform to predefined ${TARGETPLATFORM:-linux/amd64} in FROM is redundant as this is the default behavior (line 23)
